// Jest Snapshot v1, https://goo.gl/fbAQLP

exports[`App Renders correctly 1`] = `
<DocumentFragment>
  .c5 {
  color: #AA9239;
  -webkit-text-decoration: none;
  text-decoration: none;
  font-weight: bold;
}

.c5:visited {
  color: #AA9239;
}

.c5:active,
.c5:hover {
  color: #5B5393;
  cursor: pointer;
  text-shadow: 0px 0px 1px black;
}

.c5:focus {
  -webkit-text-decoration: underline;
  text-decoration: underline;
}

.c4 {
  color: #AA9239;
  -webkit-text-decoration: none;
  text-decoration: none;
  font-weight: bold;
}

.c4:visited {
  color: #AA9239;
}

.c4:active,
.c4:hover {
  color: #5B5393;
  cursor: pointer;
  text-shadow: 0px 0px 1px black;
}

.c4:focus {
  -webkit-text-decoration: underline;
  text-decoration: underline;
}

.c7 {
  width: 100%;
  background-color: white;
  overflow: scroll;
}

.c9 {
  overflow: scroll;
}

.c11 {
  font-size: 12px !important;
  font-family: Raleway,sans-serif !important;
  color: #4C688B !important;
  padding: 10px;
}

.c8 {
  position: -webkit-sticky;
  position: sticky;
  top: 0;
  font-size: 12px !important;
  color: white !important;
  background-color: #4C688B;
  padding: 10px;
}

.c6 {
  margin-top: 0px;
  overflow-x: auto;
  margin: 0;
  box-shadow: 0px 1px 3px 0px rgba(0,0,0,0.2),0px 1px 1px 0px rgba(0,0,0,0.14),0px 2px 1px -1px rgba(0,0,0,0.12);
}

.c10:hover {
  background: #FFEDAA;
}

.c0 {
  box-sizing: border-box;
  width: 100%;
  max-width: 100%;
  padding: 0.375em 1.5em 0.375em 0.75em;
  border-color: rgb(108,117,125);
  border-style: solid;
  border-width: 1px;
  border-radius: 0.25em;
  background-position: right center;
  background-repeat: no-repeat;
  cursor: pointer;
  font-size: 1em;
  outline: currentcolor none medium;
  background-image: none;
  text-align: center;
  height: 36px;
}

.c1 {
  box-sizing: border-box;
  width: 100%;
  max-width: 1200px;
  padding: 0 30px;
  margin: 0 auto;
  font-size: 16px;
  display: -webkit-box;
  display: -webkit-flex;
  display: -ms-flexbox;
  display: flex;
  -webkit-flex-direction: column;
  -ms-flex-direction: column;
  flex-direction: column;
  margin-top: 0px;
}

.c1 p {
  margin-bottom: 1em;
  line-height: 1.4;
}

.c2 {
  display: -webkit-box;
  display: -webkit-flex;
  display: -ms-flexbox;
  display: flex;
  -webkit-flex-direction: column;
  -ms-flex-direction: column;
  flex-direction: column;
  width: 100%;
  margin-bottom: 40px;
}

.c3 {
  box-sizing: border-box;
  width: 100%;
  height: 300px;
  box-shadow: 0px 1px 3px 0px rgba(0,0,0,0.2),0px 1px 1px 0px rgba(0,0,0,0.14),0px 2px 1px -1px rgba(0,0,0,0.12);
}

<div
    class="appContainer"
    id="appContainer"
    style="padding-bottom: 40px; min-width: 1200px;"
  >
    <div
      id="test"
      style="display: inline;"
    >
      <button
        class="MuiButtonBase-root MuiButton-root MuiButton-text"
        tabindex="0"
        type="button"
      >
        <span
          class="MuiButton-label"
        >
          <svg
            fill="currentColor"
            height="3em"
            stroke="currentColor"
            stroke-width="0"
            viewBox="0 0 448 512"
            width="3em"
            xmlns="http://www.w3.org/2000/svg"
          >
            <path
              d="M16 132h416c8.837 0 16-7.163 16-16V76c0-8.837-7.163-16-16-16H16C7.163 60 0 67.163 0 76v40c0 8.837 7.163 16 16 16zm0 160h416c8.837 0 16-7.163 16-16v-40c0-8.837-7.163-16-16-16H16c-8.837 0-16 7.163-16 16v40c0 8.837 7.163 16 16 16zm0 160h416c8.837 0 16-7.163 16-16v-40c0-8.837-7.163-16-16-16H16c-8.837 0-16 7.163-16 16v40c0 8.837 7.163 16 16 16z"
            />
          </svg>
        </span>
        <span
          class="MuiTouchRipple-root"
        />
      </button>
      <div
        class="PrivateSwipeArea-root-43 PrivateSwipeArea-anchorLeft-44"
        style="width: 20px;"
      />
    </div>
    <div
      style="display: inline-block; width: 250px; padding-top: 20px;"
    >
      <div
        style="position: relative; width: 100%;"
      >
        <input
          aria-autocomplete="list"
          aria-expanded="false"
          autocomplete="off"
          class="c0"
          placeholder="Search by gene"
          role="combobox"
          value=""
        />
      </div>
    </div>
    <div
      class="c1"
    >
      <div
        class="c2"
      >
        <h1>
          BrainQTL
        </h1>
        <h3>
          A resource for genetic investigations of the human brain
        </h3>
      </div>
      <img
        class="c3"
        src="./assets/infographic.png"
      />
      <br />
      <h3>
        Search - Visualization and Download
      </h3>
      <p>
        Search for genetic variants associated with quantitative molecular traits by gene name, UniProt protein ID, Ensembl gene ID, reference SNP ID, or SNP location
      </p>
      <div
        style="display: inline-block; width: 700px; padding: 20px 0px; margin: 0px auto;"
      >
        <div
          style="position: relative; width: 100%;"
        >
          <input
            aria-autocomplete="list"
            aria-expanded="false"
            autocomplete="off"
            class="c0"
            placeholder="Search by gene"
            role="combobox"
            value=""
          />
        </div>
      </div>
      <h3>
        Datasets
      </h3>
      <div
        style="width: 100%;"
      >
        <div
          style="display: inline-block; width: 50%; margin: 0px; padding: 20px; box-sizing: border-box; vertical-align: top;"
        >
          <div
            style="box-shadow: 0px 1px 3px 0px rgba(0,0,0,0.2),                         0px 1px 1px 0px rgba(0,0,0,0.14),                         0px 2px 1px -1px rgba(0,0,0,0.12); background: rgb(255, 255, 255); padding: 10px;"
          >
            <h3>
              pQTL
            </h3>
            <p>
              View SNVs associated with protein abundance
            </p>
            <br />
            <p>
              <a
                class="c4"
                href="/datasets"
              >
                Detailed Dataset Decription
              </a>
            </p>
            <p>
              Download Dataset: 
              <a
                class="c5"
                download=""
                href="https://brainqtl-downloads.s3.amazonaws.com/pQTLresults_for_brainqtl_Aug21.csv"
                type="application/octet-stream"
              >
                pQTL
              </a>
            </p>
          </div>
        </div>
        <div
          style="display: inline-block; width: 50%; margin: 0px; padding: 20px; box-sizing: border-box; vertical-align: top;"
        >
          <div
            style="box-shadow: 0px 1px 3px 0px rgba(0,0,0,0.2),                         0px 1px 1px 0px rgba(0,0,0,0.14),                         0px 2px 1px -1px rgba(0,0,0,0.12); background: rgb(255, 255, 255); padding: 10px;"
          >
            <h3>
              pQTL vs eQTL
            </h3>
            <p>
              Compare SNVs associated with both protein abundance and gene expression
            </p>
            <p>
              <a
                class="c4"
                href="/datasets"
              >
                Detailed Dataset Decription
              </a>
            </p>
            <p>
              Download Dataset: 
              <a
                class="c5"
                download=""
                href="https://brainqtl-downloads.s3.amazonaws.com/pQTLoverlapeQTL_for_brainqtl_Aug21.csv"
                type="data:text/csv;charset=utf-8"
              >
                pQTL
              </a>
               
              <a
                class="c5"
                download=""
                href="https://brainqtl-downloads.s3.amazonaws.com/eQTLoverlappQTL_for_brainqtl_Aug21.csv"
                type="data:text/csv;charset=utf-8"
              >
                eQTL
              </a>
            </p>
          </div>
        </div>
      </div>
      <h3>
        Notable Genes
      </h3>
      <p>
        Genes within the results set with the largest number of significant results
      </p>
      <div
        style="width: 100%;"
      >
        <div
          style="display: inline-block; width: 50%; margin: 0px; padding: 20px; box-sizing: border-box; vertical-align: top;"
        >
          <div>
            <h4>
              pQTL
            </h4>
            <div>
              <div
                class="c6"
                style="height: 300px;"
              >
                <table
                  class="c7"
                >
                  <thead
                    class=""
                  >
                    <tr
                      class=""
                    >
                      <th
                        class="c8"
                      >
                        GeneSymbol
                      </th>
                      <th
                        class="c8"
                      >
                        UniprotID
                      </th>
                      <th
                        class="c8"
                      >
                        pQTLs
                      </th>
                    </tr>
                  </thead>
                  <tbody
                    class="c9"
                  >
                    <tr
                      class="c10"
                    >
                      <td
                        class="c11"
                      >
                        <a
                          class="c4"
                          href="/gene/MMAB/dataset/pqtl"
                        >
                          MMAB
                        </a>
                      </td>
                      <td
                        class="c11"
                      >
                        Q96EY8
                      </td>
                      <td
                        class="c11"
                      >
                        163
                      </td>
                    </tr>
                    <tr
                      class="c10"
                    >
                      <td
                        class="c11"
                      >
                        <a
                          class="c4"
                          href="/gene/CMC2/dataset/pqtl"
                        >
                          CMC2
                        </a>
                      </td>
                      <td
                        class="c11"
                      >
                        Q9NRP2
                      </td>
                      <td
                        class="c11"
                      >
                        161
                      </td>
                    </tr>
                    <tr
                      class="c10"
                    >
                      <td
                        class="c11"
                      >
                        <a
                          class="c4"
                          href="/gene/NQO1/dataset/pqtl"
                        >
                          NQO1
                        </a>
                      </td>
                      <td
                        class="c11"
                      >
                        P15559
                      </td>
                      <td
                        class="c11"
                      >
                        124
                      </td>
                    </tr>
                    <tr
                      class="c10"
                    >
                      <td
                        class="c11"
                      >
                        <a
                          class="c4"
                          href="/gene/APIP/dataset/pqtl"
                        >
                          APIP
                        </a>
                      </td>
                      <td
                        class="c11"
                      >
                        Q96GX9
                      </td>
                      <td
                        class="c11"
                      >
                        110
                      </td>
                    </tr>
                    <tr
                      class="c10"
                    >
                      <td
                        class="c11"
                      >
                        <a
                          class="c4"
                          href="/gene/CCBL2/dataset/pqtl"
                        >
                          CCBL2
                        </a>
                      </td>
                      <td
                        class="c11"
                      >
                        Q6YP21
                      </td>
                      <td
                        class="c11"
                      >
                        108
                      </td>
                    </tr>
                    <tr
                      class="c10"
                    >
                      <td
                        class="c11"
                      >
                        <a
                          class="c4"
                          href="/gene/PPP3CC/dataset/pqtl"
                        >
                          PPP3CC
                        </a>
                      </td>
                      <td
                        class="c11"
                      >
                        P48454
                      </td>
                      <td
                        class="c11"
                      >
                        100
                      </td>
                    </tr>
                    <tr
                      class="c10"
                    >
                      <td
                        class="c11"
                      >
                        <a
                          class="c4"
                          href="/gene/NT5C3B/dataset/pqtl"
                        >
                          NT5C3B
                        </a>
                      </td>
                      <td
                        class="c11"
                      >
                        Q969T7
                      </td>
                      <td
                        class="c11"
                      >
                        97
                      </td>
                    </tr>
                    <tr
                      class="c10"
                    >
                      <td
                        class="c11"
                      >
                        <a
                          class="c4"
                          href="/gene/CPOX/dataset/pqtl"
                        >
                          CPOX
                        </a>
                      </td>
                      <td
                        class="c11"
                      >
                        P36551
                      </td>
                      <td
                        class="c11"
                      >
                        87
                      </td>
                    </tr>
                    <tr
                      class="c10"
                    >
                      <td
                        class="c11"
                      >
                        <a
                          class="c4"
                          href="/gene/KHK/dataset/pqtl"
                        >
                          KHK
                        </a>
                      </td>
                      <td
                        class="c11"
                      >
                        P50053
                      </td>
                      <td
                        class="c11"
                      >
                        86
                      </td>
                    </tr>
                    <tr
                      class="c10"
                    >
                      <td
                        class="c11"
                      >
                        <a
                          class="c4"
                          href="/gene/C11orf54/dataset/pqtl"
                        >
                          C11orf54
                        </a>
                      </td>
                      <td
                        class="c11"
                      >
                        Q9H0W9
                      </td>
                      <td
                        class="c11"
                      >
                        83
                      </td>
                    </tr>
                    <tr
                      class="c10"
                    >
                      <td
                        class="c11"
                      >
                        <a
                          class="c4"
                          href="/gene/SIRPA/dataset/pqtl"
                        >
                          SIRPA
                        </a>
                      </td>
                      <td
                        class="c11"
                      >
                        P78324
                      </td>
                      <td
                        class="c11"
                      >
                        83
                      </td>
                    </tr>
                    <tr
                      class="c10"
                    >
                      <td
                        class="c11"
                      >
                        <a
                          class="c4"
                          href="/gene/THEM4/dataset/pqtl"
                        >
                          THEM4
                        </a>
                      </td>
                      <td
                        class="c11"
                      >
                        Q5T1C6
                      </td>
                      <td
                        class="c11"
                      >
                        81
                      </td>
                    </tr>
                    <tr
                      class="c10"
                    >
                      <td
                        class="c11"
                      >
                        <a
                          class="c4"
                          href="/gene/HIBCH/dataset/pqtl"
                        >
                          HIBCH
                        </a>
                      </td>
                      <td
                        class="c11"
                      >
                        Q6NVY1
                      </td>
                      <td
                        class="c11"
                      >
                        73
                      </td>
                    </tr>
                    <tr
                      class="c10"
                    >
                      <td
                        class="c11"
                      >
                        <a
                          class="c4"
                          href="/gene/PSMB4/dataset/pqtl"
                        >
                          PSMB4
                        </a>
                      </td>
                      <td
                        class="c11"
                      >
                        P28070
                      </td>
                      <td
                        class="c11"
                      >
                        68
                      </td>
                    </tr>
                    <tr
                      class="c10"
                    >
                      <td
                        class="c11"
                      >
                        <a
                          class="c4"
                          href="/gene/GALM/dataset/pqtl"
                        >
                          GALM
                        </a>
                      </td>
                      <td
                        class="c11"
                      >
                        Q96C23
                      </td>
                      <td
                        class="c11"
                      >
                        63
                      </td>
                    </tr>
                    <tr
                      class="c10"
                    >
                      <td
                        class="c11"
                      >
                        <a
                          class="c4"
                          href="/gene/SLC25A24/dataset/pqtl"
                        >
                          SLC25A24
                        </a>
                      </td>
                      <td
                        class="c11"
                      >
                        Q6NUK1
                      </td>
                      <td
                        class="c11"
                      >
                        58
                      </td>
                    </tr>
                    <tr
                      class="c10"
                    >
                      <td
                        class="c11"
                      >
                        <a
                          class="c4"
                          href="/gene/NUDT6/dataset/pqtl"
                        >
                          NUDT6
                        </a>
                      </td>
                      <td
                        class="c11"
                      >
                        P53370
                      </td>
                      <td
                        class="c11"
                      >
                        56
                      </td>
                    </tr>
                    <tr
                      class="c10"
                    >
                      <td
                        class="c11"
                      >
                        <a
                          class="c4"
                          href="/gene/CBR3/dataset/pqtl"
                        >
                          CBR3
                        </a>
                      </td>
                      <td
                        class="c11"
                      >
                        O75828
                      </td>
                      <td
                        class="c11"
                      >
                        53
                      </td>
                    </tr>
                    <tr
                      class="c10"
                    >
                      <td
                        class="c11"
                      >
                        <a
                          class="c4"
                          href="/gene/PLSCR4/dataset/pqtl"
                        >
                          PLSCR4
                        </a>
                      </td>
                      <td
                        class="c11"
                      >
                        Q9NRQ2
                      </td>
                      <td
                        class="c11"
                      >
                        52
                      </td>
                    </tr>
                    <tr
                      class="c10"
                    >
                      <td
                        class="c11"
                      >
                        <a
                          class="c4"
                          href="/gene/PPIL3/dataset/pqtl"
                        >
                          PPIL3
                        </a>
                      </td>
                      <td
                        class="c11"
                      >
                        Q9H2H8
                      </td>
                      <td
                        class="c11"
                      >
                        48
                      </td>
                    </tr>
                    <tr
                      class="c10"
                    >
                      <td
                        class="c11"
                      >
                        <a
                          class="c4"
                          href="/gene/TBCD/dataset/pqtl"
                        >
                          TBCD
                        </a>
                      </td>
                      <td
                        class="c11"
                      >
                        Q9BTW9
                      </td>
                      <td
                        class="c11"
                      >
                        48
                      </td>
                    </tr>
                    <tr
                      class="c10"
                    >
                      <td
                        class="c11"
                      >
                        <a
                          class="c4"
                          href="/gene/GDPGP1/dataset/pqtl"
                        >
                          GDPGP1
                        </a>
                      </td>
                      <td
                        class="c11"
                      >
                        Q6ZNW5
                      </td>
                      <td
                        class="c11"
                      >
                        48
                      </td>
                    </tr>
                    <tr
                      class="c10"
                    >
                      <td
                        class="c11"
                      >
                        <a
                          class="c4"
                          href="/gene/CAND2/dataset/pqtl"
                        >
                          CAND2
                        </a>
                      </td>
                      <td
                        class="c11"
                      >
                        O75155
                      </td>
                      <td
                        class="c11"
                      >
                        47
                      </td>
                    </tr>
                    <tr
                      class="c10"
                    >
                      <td
                        class="c11"
                      >
                        <a
                          class="c4"
                          href="/gene/ATE1/dataset/pqtl"
                        >
                          ATE1
                        </a>
                      </td>
                      <td
                        class="c11"
                      >
                        O95260
                      </td>
                      <td
                        class="c11"
                      >
                        46
                      </td>
                    </tr>
                    <tr
                      class="c10"
                    >
                      <td
                        class="c11"
                      >
                        <a
                          class="c4"
                          href="/gene/FDXR/dataset/pqtl"
                        >
                          FDXR
                        </a>
                      </td>
                      <td
                        class="c11"
                      >
                        P22570
                      </td>
                      <td
                        class="c11"
                      >
                        45
                      </td>
                    </tr>
                    <tr
                      class="c10"
                    >
                      <td
                        class="c11"
                      >
                        <a
                          class="c4"
                          href="/gene/FDPS/dataset/pqtl"
                        >
                          FDPS
                        </a>
                      </td>
                      <td
                        class="c11"
                      >
                        P14324
                      </td>
                      <td
                        class="c11"
                      >
                        43
                      </td>
                    </tr>
                    <tr
                      class="c10"
                    >
                      <td
                        class="c11"
                      >
                        <a
                          class="c4"
                          href="/gene/CARKD/dataset/pqtl"
                        >
                          CARKD
                        </a>
                      </td>
                      <td
                        class="c11"
                      >
                        Q8IW45
                      </td>
                      <td
                        class="c11"
                      >
                        39
                      </td>
                    </tr>
                    <tr
                      class="c10"
                    >
                      <td
                        class="c11"
                      >
                        <a
                          class="c4"
                          href="/gene/BNIP1/dataset/pqtl"
                        >
                          BNIP1
                        </a>
                      </td>
                      <td
                        class="c11"
                      >
                        Q12981
                      </td>
                      <td
                        class="c11"
                      >
                        39
                      </td>
                    </tr>
                    <tr
                      class="c10"
                    >
                      <td
                        class="c11"
                      >
                        <a
                          class="c4"
                          href="/gene/PNPO/dataset/pqtl"
                        >
                          PNPO
                        </a>
                      </td>
                      <td
                        class="c11"
                      >
                        Q9NVS9
                      </td>
                      <td
                        class="c11"
                      >
                        38
                      </td>
                    </tr>
                    <tr
                      class="c10"
                    >
                      <td
                        class="c11"
                      >
                        <a
                          class="c4"
                          href="/gene/MCEE/dataset/pqtl"
                        >
                          MCEE
                        </a>
                      </td>
                      <td
                        class="c11"
                      >
                        Q96PE7
                      </td>
                      <td
                        class="c11"
                      >
                        37
                      </td>
                    </tr>
                    <tr
                      class="c10"
                    >
                      <td
                        class="c11"
                      >
                        <a
                          class="c4"
                          href="/gene/AGL/dataset/pqtl"
                        >
                          AGL
                        </a>
                      </td>
                      <td
                        class="c11"
                      >
                        P35573
                      </td>
                      <td
                        class="c11"
                      >
                        37
                      </td>
                    </tr>
                    <tr
                      class="c10"
                    >
                      <td
                        class="c11"
                      >
                        <a
                          class="c4"
                          href="/gene/GPX1/dataset/pqtl"
                        >
                          GPX1
                        </a>
                      </td>
                      <td
                        class="c11"
                      >
                        P07203
                      </td>
                      <td
                        class="c11"
                      >
                        37
                      </td>
                    </tr>
                    <tr
                      class="c10"
                    >
                      <td
                        class="c11"
                      >
                        <a
                          class="c4"
                          href="/gene/FAS/dataset/pqtl"
                        >
                          FAS
                        </a>
                      </td>
                      <td
                        class="c11"
                      >
                        P25445
                      </td>
                      <td
                        class="c11"
                      >
                        36
                      </td>
                    </tr>
                    <tr
                      class="c10"
                    >
                      <td
                        class="c11"
                      >
                        <a
                          class="c4"
                          href="/gene/ACP1/dataset/pqtl"
                        >
                          ACP1
                        </a>
                      </td>
                      <td
                        class="c11"
                      >
                        P24666
                      </td>
                      <td
                        class="c11"
                      >
                        34
                      </td>
                    </tr>
                    <tr
                      class="c10"
                    >
                      <td
                        class="c11"
                      >
                        <a
                          class="c4"
                          href="/gene/NIT2/dataset/pqtl"
                        >
                          NIT2
                        </a>
                      </td>
                      <td
                        class="c11"
                      >
                        Q9NQR4
                      </td>
                      <td
                        class="c11"
                      >
                        32
                      </td>
                    </tr>
                    <tr
                      class="c10"
                    >
                      <td
                        class="c11"
                      >
                        <a
                          class="c4"
                          href="/gene/GSTT1/dataset/pqtl"
                        >
                          GSTT1
                        </a>
                      </td>
                      <td
                        class="c11"
                      >
                        P30711
                      </td>
                      <td
                        class="c11"
                      >
                        30
                      </td>
                    </tr>
                    <tr
                      class="c10"
                    >
                      <td
                        class="c11"
                      >
                        <a
                          class="c4"
                          href="/gene/S100A13/dataset/pqtl"
                        >
                          S100A13
                        </a>
                      </td>
                      <td
                        class="c11"
                      >
                        Q99584
                      </td>
                      <td
                        class="c11"
                      >
                        29
                      </td>
                    </tr>
                    <tr
                      class="c10"
                    >
                      <td
                        class="c11"
                      >
                        <a
                          class="c4"
                          href="/gene/SNX32/dataset/pqtl"
                        >
                          SNX32
                        </a>
                      </td>
                      <td
                        class="c11"
                      >
                        Q86XE0
                      </td>
                      <td
                        class="c11"
                      >
                        27
                      </td>
                    </tr>
                    <tr
                      class="c10"
                    >
                      <td
                        class="c11"
                      >
                        <a
                          class="c4"
                          href="/gene/PTER/dataset/pqtl"
                        >
                          PTER
                        </a>
                      </td>
                      <td
                        class="c11"
                      >
                        Q96BW5
                      </td>
                      <td
                        class="c11"
                      >
                        26
                      </td>
                    </tr>
                    <tr
                      class="c10"
                    >
                      <td
                        class="c11"
                      >
                        <a
                          class="c4"
                          href="/gene/GUF1/dataset/pqtl"
                        >
                          GUF1
                        </a>
                      </td>
                      <td
                        class="c11"
                      >
                        Q8N442
                      </td>
                      <td
                        class="c11"
                      >
                        26
                      </td>
                    </tr>
                    <tr
                      class="c10"
                    >
                      <td
                        class="c11"
                      >
                        <a
                          class="c4"
                          href="/gene/C2orf76/dataset/pqtl"
                        >
                          C2orf76
                        </a>
                      </td>
                      <td
                        class="c11"
                      >
                        Q3KRA6
                      </td>
                      <td
                        class="c11"
                      >
                        24
                      </td>
                    </tr>
                    <tr
                      class="c10"
                    >
                      <td
                        class="c11"
                      >
                        <a
                          class="c4"
                          href="/gene/TPMT/dataset/pqtl"
                        >
                          TPMT
                        </a>
                      </td>
                      <td
                        class="c11"
                      >
                        P51580
                      </td>
                      <td
                        class="c11"
                      >
                        21
                      </td>
                    </tr>
                    <tr
                      class="c10"
                    >
                      <td
                        class="c11"
                      >
                        <a
                          class="c4"
                          href="/gene/GSTM5/dataset/pqtl"
                        >
                          GSTM5
                        </a>
                      </td>
                      <td
                        class="c11"
                      >
                        P46439
                      </td>
                      <td
                        class="c11"
                      >
                        21
                      </td>
                    </tr>
                    <tr
                      class="c10"
                    >
                      <td
                        class="c11"
                      >
                        <a
                          class="c4"
                          href="/gene/COQ7/dataset/pqtl"
                        >
                          COQ7
                        </a>
                      </td>
                      <td
                        class="c11"
                      >
                        Q99807
                      </td>
                      <td
                        class="c11"
                      >
                        20
                      </td>
                    </tr>
                    <tr
                      class="c10"
                    >
                      <td
                        class="c11"
                      >
                        <a
                          class="c4"
                          href="/gene/CAMLG/dataset/pqtl"
                        >
                          CAMLG
                        </a>
                      </td>
                      <td
                        class="c11"
                      >
                        P49069
                      </td>
                      <td
                        class="c11"
                      >
                        19
                      </td>
                    </tr>
                    <tr
                      class="c10"
                    >
                      <td
                        class="c11"
                      >
                        <a
                          class="c4"
                          href="/gene/BTN2A1/dataset/pqtl"
                        >
                          BTN2A1
                        </a>
                      </td>
                      <td
                        class="c11"
                      >
                        Q7KYR7
                      </td>
                      <td
                        class="c11"
                      >
                        17
                      </td>
                    </tr>
                    <tr
                      class="c10"
                    >
                      <td
                        class="c11"
                      >
                        <a
                          class="c4"
                          href="/gene/CWF19L1/dataset/pqtl"
                        >
                          CWF19L1
                        </a>
                      </td>
                      <td
                        class="c11"
                      >
                        Q69YN2
                      </td>
                      <td
                        class="c11"
                      >
                        16
                      </td>
                    </tr>
                    <tr
                      class="c10"
                    >
                      <td
                        class="c11"
                      >
                        <a
                          class="c4"
                          href="/gene/GPNMB/dataset/pqtl"
                        >
                          GPNMB
                        </a>
                      </td>
                      <td
                        class="c11"
                      >
                        Q14956
                      </td>
                      <td
                        class="c11"
                      >
                        16
                      </td>
                    </tr>
                    <tr
                      class="c10"
                    >
                      <td
                        class="c11"
                      >
                        <a
                          class="c4"
                          href="/gene/NIPSNAP3B/dataset/pqtl"
                        >
                          NIPSNAP3B
                        </a>
                      </td>
                      <td
                        class="c11"
                      >
                        Q9BS92
                      </td>
                      <td
                        class="c11"
                      >
                        15
                      </td>
                    </tr>
                    <tr
                      class="c10"
                    >
                      <td
                        class="c11"
                      >
                        <a
                          class="c4"
                          href="/gene/TIMM21/dataset/pqtl"
                        >
                          TIMM21
                        </a>
                      </td>
                      <td
                        class="c11"
                      >
                        Q9BVV7
                      </td>
                      <td
                        class="c11"
                      >
                        14
                      </td>
                    </tr>
                    <tr
                      class="c10"
                    >
                      <td
                        class="c11"
                      >
                        <a
                          class="c4"
                          href="/gene/GFM2/dataset/pqtl"
                        >
                          GFM2
                        </a>
                      </td>
                      <td
                        class="c11"
                      >
                        Q969S9
                      </td>
                      <td
                        class="c11"
                      >
                        14
                      </td>
                    </tr>
                    <tr
                      class="c10"
                    >
                      <td
                        class="c11"
                      >
                        <a
                          class="c4"
                          href="/gene/MMAA/dataset/pqtl"
                        >
                          MMAA
                        </a>
                      </td>
                      <td
                        class="c11"
                      >
                        Q8IVH4
                      </td>
                      <td
                        class="c11"
                      >
                        14
                      </td>
                    </tr>
                    <tr
                      class="c10"
                    >
                      <td
                        class="c11"
                      >
                        <a
                          class="c4"
                          href="/gene/SPATA20/dataset/pqtl"
                        >
                          SPATA20
                        </a>
                      </td>
                      <td
                        class="c11"
                      >
                        Q8TB22
                      </td>
                      <td
                        class="c11"
                      >
                        12
                      </td>
                    </tr>
                    <tr
                      class="c10"
                    >
                      <td
                        class="c11"
                      >
                        <a
                          class="c4"
                          href="/gene/GART/dataset/pqtl"
                        >
                          GART
                        </a>
                      </td>
                      <td
                        class="c11"
                      >
                        P22102
                      </td>
                      <td
                        class="c11"
                      >
                        11
                      </td>
                    </tr>
                    <tr
                      class="c10"
                    >
                      <td
                        class="c11"
                      >
                        <a
                          class="c4"
                          href="/gene/ERAP1/dataset/pqtl"
                        >
                          ERAP1
                        </a>
                      </td>
                      <td
                        class="c11"
                      >
                        Q9NZ08
                      </td>
                      <td
                        class="c11"
                      >
                        10
                      </td>
                    </tr>
                    <tr
                      class="c10"
                    >
                      <td
                        class="c11"
                      >
                        <a
                          class="c4"
                          href="/gene/DHRS4/dataset/pqtl"
                        >
                          DHRS4
                        </a>
                      </td>
                      <td
                        class="c11"
                      >
                        Q9BTZ2
                      </td>
                      <td
                        class="c11"
                      >
                        10
                      </td>
                    </tr>
                    <tr
                      class="c10"
                    >
                      <td
                        class="c11"
                      >
                        <a
                          class="c4"
                          href="/gene/CRYZ/dataset/pqtl"
                        >
                          CRYZ
                        </a>
                      </td>
                      <td
                        class="c11"
                      >
                        Q08257
                      </td>
                      <td
                        class="c11"
                      >
                        10
                      </td>
                    </tr>
                    <tr
                      class="c10"
                    >
                      <td
                        class="c11"
                      >
                        <a
                          class="c4"
                          href="/gene/EPHX2/dataset/pqtl"
                        >
                          EPHX2
                        </a>
                      </td>
                      <td
                        class="c11"
                      >
                        P34913
                      </td>
                      <td
                        class="c11"
                      >
                        10
                      </td>
                    </tr>
                    <tr
                      class="c10"
                    >
                      <td
                        class="c11"
                      >
                        <a
                          class="c4"
                          href="/gene/MPZ/dataset/pqtl"
                        >
                          MPZ
                        </a>
                      </td>
                      <td
                        class="c11"
                      >
                        P25189
                      </td>
                      <td
                        class="c11"
                      >
                        10
                      </td>
                    </tr>
                    <tr
                      class="c10"
                    >
                      <td
                        class="c11"
                      >
                        <a
                          class="c4"
                          href="/gene/GSTM3/dataset/pqtl"
                        >
                          GSTM3
                        </a>
                      </td>
                      <td
                        class="c11"
                      >
                        P21266
                      </td>
                      <td
                        class="c11"
                      >
                        10
                      </td>
                    </tr>
                    <tr
                      class="c10"
                    >
                      <td
                        class="c11"
                      >
                        <a
                          class="c4"
                          href="/gene/FN3KRP/dataset/pqtl"
                        >
                          FN3KRP
                        </a>
                      </td>
                      <td
                        class="c11"
                      >
                        Q9HA64
                      </td>
                      <td
                        class="c11"
                      >
                        9
                      </td>
                    </tr>
                    <tr
                      class="c10"
                    >
                      <td
                        class="c11"
                      >
                        <a
                          class="c4"
                          href="/gene/DUSP23/dataset/pqtl"
                        >
                          DUSP23
                        </a>
                      </td>
                      <td
                        class="c11"
                      >
                        Q9BVJ7
                      </td>
                      <td
                        class="c11"
                      >
                        9
                      </td>
                    </tr>
                    <tr
                      class="c10"
                    >
                      <td
                        class="c11"
                      >
                        <a
                          class="c4"
                          href="/gene/GSTP1/dataset/pqtl"
                        >
                          GSTP1
                        </a>
                      </td>
                      <td
                        class="c11"
                      >
                        P09211
                      </td>
                      <td
                        class="c11"
                      >
                        9
                      </td>
                    </tr>
                    <tr
                      class="c10"
                    >
                      <td
                        class="c11"
                      >
                        <a
                          class="c4"
                          href="/gene/TRMT61B/dataset/pqtl"
                        >
                          TRMT61B
                        </a>
                      </td>
                      <td
                        class="c11"
                      >
                        Q9BVS5
                      </td>
                      <td
                        class="c11"
                      >
                        8
                      </td>
                    </tr>
                    <tr
                      class="c10"
                    >
                      <td
                        class="c11"
                      >
                        <a
                          class="c4"
                          href="/gene/NAPRT1/dataset/pqtl"
                        >
                          NAPRT1
                        </a>
                      </td>
                      <td
                        class="c11"
                      >
                        Q6XQN6
                      </td>
                      <td
                        class="c11"
                      >
                        8
                      </td>
                    </tr>
                    <tr
                      class="c10"
                    >
                      <td
                        class="c11"
                      >
                        <a
                          class="c4"
                          href="/gene/C14orf159/dataset/pqtl"
                        >
                          C14orf159
                        </a>
                      </td>
                      <td
                        class="c11"
                      >
                        Q7Z3D6
                      </td>
                      <td
                        class="c11"
                      >
                        7
                      </td>
                    </tr>
                    <tr
                      class="c10"
                    >
                      <td
                        class="c11"
                      >
                        <a
                          class="c4"
                          href="/gene/DDTL/dataset/pqtl"
                        >
                          DDTL
                        </a>
                      </td>
                      <td
                        class="c11"
                      >
                        A6NHG4
                      </td>
                      <td
                        class="c11"
                      >
                        7
                      </td>
                    </tr>
                    <tr
                      class="c10"
                    >
                      <td
                        class="c11"
                      >
                        <a
                          class="c4"
                          href="/gene/NTPCR/dataset/pqtl"
                        >
                          NTPCR
                        </a>
                      </td>
                      <td
                        class="c11"
                      >
                        Q9BSD7
                      </td>
                      <td
                        class="c11"
                      >
                        6
                      </td>
                    </tr>
                    <tr
                      class="c10"
                    >
                      <td
                        class="c11"
                      >
                        <a
                          class="c4"
                          href="/gene/GLRX5/dataset/pqtl"
                        >
                          GLRX5
                        </a>
                      </td>
                      <td
                        class="c11"
                      >
                        Q86SX6
                      </td>
                      <td
                        class="c11"
                      >
                        6
                      </td>
                    </tr>
                    <tr
                      class="c10"
                    >
                      <td
                        class="c11"
                      >
                        <a
                          class="c4"
                          href="/gene/KIAA1161/dataset/pqtl"
                        >
                          KIAA1161
                        </a>
                      </td>
                      <td
                        class="c11"
                      >
                        Q6NSJ0
                      </td>
                      <td
                        class="c11"
                      >
                        6
                      </td>
                    </tr>
                    <tr
                      class="c10"
                    >
                      <td
                        class="c11"
                      >
                        <a
                          class="c4"
                          href="/gene/ECI1/dataset/pqtl"
                        >
                          ECI1
                        </a>
                      </td>
                      <td
                        class="c11"
                      >
                        P42126
                      </td>
                      <td
                        class="c11"
                      >
                        6
                      </td>
                    </tr>
                    <tr
                      class="c10"
                    >
                      <td
                        class="c11"
                      >
                        <a
                          class="c4"
                          href="/gene/CPT2/dataset/pqtl"
                        >
                          CPT2
                        </a>
                      </td>
                      <td
                        class="c11"
                      >
                        P23786
                      </td>
                      <td
                        class="c11"
                      >
                        6
                      </td>
                    </tr>
                    <tr
                      class="c10"
                    >
                      <td
                        class="c11"
                      >
                        <a
                          class="c4"
                          href="/gene/BPHL/dataset/pqtl"
                        >
                          BPHL
                        </a>
                      </td>
                      <td
                        class="c11"
                      >
                        Q86WA6
                      </td>
                      <td
                        class="c11"
                      >
                        5
                      </td>
                    </tr>
                    <tr
                      class="c10"
                    >
                      <td
                        class="c11"
                      >
                        <a
                          class="c4"
                          href="/gene/MARC1/dataset/pqtl"
                        >
                          MARC1
                        </a>
                      </td>
                      <td
                        class="c11"
                      >
                        Q5VT66
                      </td>
                      <td
                        class="c11"
                      >
                        5
                      </td>
                    </tr>
                    <tr
                      class="c10"
                    >
                      <td
                        class="c11"
                      >
                        <a
                          class="c4"
                          href="/gene/PPID/dataset/pqtl"
                        >
                          PPID
                        </a>
                      </td>
                      <td
                        class="c11"
                      >
                        Q08752
                      </td>
                      <td
                        class="c11"
                      >
                        5
                      </td>
                    </tr>
                    <tr
                      class="c10"
                    >
                      <td
                        class="c11"
                      >
                        <a
                          class="c4"
                          href="/gene/DDT/dataset/pqtl"
                        >
                          DDT
                        </a>
                      </td>
                      <td
                        class="c11"
                      >
                        P30046
                      </td>
                      <td
                        class="c11"
                      >
                        5
                      </td>
                    </tr>
                    <tr
                      class="c10"
                    >
                      <td
                        class="c11"
                      >
                        <a
                          class="c4"
                          href="/gene/GSTT2/dataset/pqtl"
                        >
                          GSTT2
                        </a>
                      </td>
                      <td
                        class="c11"
                      >
                        P0CG30
                      </td>
                      <td
                        class="c11"
                      >
                        5
                      </td>
                    </tr>
                    <tr
                      class="c10"
                    >
                      <td
                        class="c11"
                      >
                        <a
                          class="c4"
                          href="/gene/BTN2A2/dataset/pqtl"
                        >
                          BTN2A2
                        </a>
                      </td>
                      <td
                        class="c11"
                      >
                        Q8WVV5
                      </td>
                      <td
                        class="c11"
                      >
                        4
                      </td>
                    </tr>
                    <tr
                      class="c10"
                    >
                      <td
                        class="c11"
                      >
                        <a
                          class="c4"
                          href="/gene/CLYBL/dataset/pqtl"
                        >
                          CLYBL
                        </a>
                      </td>
                      <td
                        class="c11"
                      >
                        Q8N0X4
                      </td>
                      <td
                        class="c11"
                      >
                        4
                      </td>
                    </tr>
                    <tr
                      class="c10"
                    >
                      <td
                        class="c11"
                      >
                        <a
                          class="c4"
                          href="/gene/ANO5/dataset/pqtl"
                        >
                          ANO5
                        </a>
                      </td>
                      <td
                        class="c11"
                      >
                        Q75V66
                      </td>
                      <td
                        class="c11"
                      >
                        4
                      </td>
                    </tr>
                    <tr
                      class="c10"
                    >
                      <td
                        class="c11"
                      >
                        <a
                          class="c4"
                          href="/gene/MTRF1L/dataset/pqtl"
                        >
                          MTRF1L
                        </a>
                      </td>
                      <td
                        class="c11"
                      >
                        Q9UGC7
                      </td>
                      <td
                        class="c11"
                      >
                        3
                      </td>
                    </tr>
                    <tr
                      class="c10"
                    >
                      <td
                        class="c11"
                      >
                        <a
                          class="c4"
                          href="/gene/LYRM4/dataset/pqtl"
                        >
                          LYRM4
                        </a>
                      </td>
                      <td
                        class="c11"
                      >
                        Q9HD34
                      </td>
                      <td
                        class="c11"
                      >
                        3
                      </td>
                    </tr>
                    <tr
                      class="c10"
                    >
                      <td
                        class="c11"
                      >
                        <a
                          class="c4"
                          href="/gene/COMT/dataset/pqtl"
                        >
                          COMT
                        </a>
                      </td>
                      <td
                        class="c11"
                      >
                        P21964
                      </td>
                      <td
                        class="c11"
                      >
                        3
                      </td>
                    </tr>
                    <tr
                      class="c10"
                    >
                      <td
                        class="c11"
                      >
                        <a
                          class="c4"
                          href="/gene/POR/dataset/pqtl"
                        >
                          POR
                        </a>
                      </td>
                      <td
                        class="c11"
                      >
                        P16435
                      </td>
                      <td
                        class="c11"
                      >
                        3
                      </td>
                    </tr>
                    <tr
                      class="c10"
                    >
                      <td
                        class="c11"
                      >
                        <a
                          class="c4"
                          href="/gene/AKR1A1/dataset/pqtl"
                        >
                          AKR1A1
                        </a>
                      </td>
                      <td
                        class="c11"
                      >
                        P14550
                      </td>
                      <td
                        class="c11"
                      >
                        3
                      </td>
                    </tr>
                    <tr
                      class="c10"
                    >
                      <td
                        class="c11"
                      >
                        <a
                          class="c4"
                          href="/gene/CTSH/dataset/pqtl"
                        >
                          CTSH
                        </a>
                      </td>
                      <td
                        class="c11"
                      >
                        P09668
                      </td>
                      <td
                        class="c11"
                      >
                        3
                      </td>
                    </tr>
                    <tr
                      class="c10"
                    >
                      <td
                        class="c11"
                      >
                        <a
                          class="c4"
                          href="/gene/GCAT/dataset/pqtl"
                        >
                          GCAT
                        </a>
                      </td>
                      <td
                        class="c11"
                      >
                        O75600
                      </td>
                      <td
                        class="c11"
                      >
                        3
                      </td>
                    </tr>
                    <tr
                      class="c10"
                    >
                      <td
                        class="c11"
                      >
                        <a
                          class="c4"
                          href="/gene/ERLIN1/dataset/pqtl"
                        >
                          ERLIN1
                        </a>
                      </td>
                      <td
                        class="c11"
                      >
                        O75477
                      </td>
                      <td
                        class="c11"
                      >
                        3
                      </td>
                    </tr>
                    <tr
                      class="c10"
                    >
                      <td
                        class="c11"
                      >
                        <a
                          class="c4"
                          href="/gene/TRPV2/dataset/pqtl"
                        >
                          TRPV2
                        </a>
                      </td>
                      <td
                        class="c11"
                      >
                        Q9Y5S1
                      </td>
                      <td
                        class="c11"
                      >
                        2
                      </td>
                    </tr>
                    <tr
                      class="c10"
                    >
                      <td
                        class="c11"
                      >
                        <a
                          class="c4"
                          href="/gene/SAT2/dataset/pqtl"
                        >
                          SAT2
                        </a>
                      </td>
                      <td
                        class="c11"
                      >
                        Q96F10
                      </td>
                      <td
                        class="c11"
                      >
                        2
                      </td>
                    </tr>
                    <tr
                      class="c10"
                    >
                      <td
                        class="c11"
                      >
                        <a
                          class="c4"
                          href="/gene/ACOT11/dataset/pqtl"
                        >
                          ACOT11
                        </a>
                      </td>
                      <td
                        class="c11"
                      >
                        Q8WXI4
                      </td>
                      <td
                        class="c11"
                      >
                        1
                      </td>
                    </tr>
                    <tr
                      class="c10"
                    >
                      <td
                        class="c11"
                      >
                        <a
                          class="c4"
                          href="/gene/MBLAC1/dataset/pqtl"
                        >
                          MBLAC1
                        </a>
                      </td>
                      <td
                        class="c11"
                      >
                        A4D2B0
                      </td>
                      <td
                        class="c11"
                      >
                        1
                      </td>
                    </tr>
                    <tr
                      class="c10"
                    >
                      <td
                        class="c11"
                      >
                        <a
                          class="c4"
                          href="/gene/CISD3/dataset/pqtl"
                        >
                          CISD3
                        </a>
                      </td>
                      <td
                        class="c11"
                      >
                        P0C7P0
                      </td>
                      <td
                        class="c11"
                      >
                        1
                      </td>
                    </tr>
                    <tr
                      class="c10"
                    >
                      <td
                        class="c11"
                      >
                        <a
                          class="c4"
                          href="/gene/UMPS/dataset/pqtl"
                        >
                          UMPS
                        </a>
                      </td>
                      <td
                        class="c11"
                      >
                        P11172
                      </td>
                      <td
                        class="c11"
                      >
                        1
                      </td>
                    </tr>
                    <tr
                      class="c10"
                    >
                      <td
                        class="c11"
                      >
                        <a
                          class="c4"
                          href="/gene/PIP4K2A/dataset/pqtl"
                        >
                          PIP4K2A
                        </a>
                      </td>
                      <td
                        class="c11"
                      >
                        P48426
                      </td>
                      <td
                        class="c11"
                      >
                        1
                      </td>
                    </tr>
                    <tr
                      class="c10"
                    >
                      <td
                        class="c11"
                      >
                        <a
                          class="c4"
                          href="/gene/LSS/dataset/pqtl"
                        >
                          LSS
                        </a>
                      </td>
                      <td
                        class="c11"
                      >
                        P48449
                      </td>
                      <td
                        class="c11"
                      >
                        1
                      </td>
                    </tr>
                    <tr
                      class="c10"
                    >
                      <td
                        class="c11"
                      >
                        <a
                          class="c4"
                          href="/gene/MTAP/dataset/pqtl"
                        >
                          MTAP
                        </a>
                      </td>
                      <td
                        class="c11"
                      >
                        Q13126
                      </td>
                      <td
                        class="c11"
                      >
                        1
                      </td>
                    </tr>
                    <tr
                      class="c10"
                    >
                      <td
                        class="c11"
                      >
                        <a
                          class="c4"
                          href="/gene/ADHFE1/dataset/pqtl"
                        >
                          ADHFE1
                        </a>
                      </td>
                      <td
                        class="c11"
                      >
                        Q8IWW8
                      </td>
                      <td
                        class="c11"
                      >
                        1
                      </td>
                    </tr>
                    <tr
                      class="c10"
                    >
                      <td
                        class="c11"
                      >
                        <a
                          class="c4"
                          href="/gene/PTGR2/dataset/pqtl"
                        >
                          PTGR2
                        </a>
                      </td>
                      <td
                        class="c11"
                      >
                        Q8N8N7
                      </td>
                      <td
                        class="c11"
                      >
                        1
                      </td>
                    </tr>
                    <tr
                      class="c10"
                    >
                      <td
                        class="c11"
                      >
                        <a
                          class="c4"
                          href="/gene/MADD/dataset/pqtl"
                        >
                          MADD
                        </a>
                      </td>
                      <td
                        class="c11"
                      >
                        Q8WXG6
                      </td>
                      <td
                        class="c11"
                      >
                        1
                      </td>
                    </tr>
                    <tr
                      class="c10"
                    >
                      <td
                        class="c11"
                      >
                        <a
                          class="c4"
                          href="/gene/JMJD7/dataset/pqtl"
                        >
                          JMJD7
                        </a>
                      </td>
                      <td
                        class="c11"
                      >
                        P0C870
                      </td>
                      <td
                        class="c11"
                      >
                        1
                      </td>
                    </tr>
                  </tbody>
                </table>
              </div>
            </div>
          </div>
        </div>
        <div
          style="display: inline-block; width: 50%; margin: 0px; padding: 20px; box-sizing: border-box; vertical-align: top;"
        >
          <div>
            <h4>
              pQTL vs eQTL
            </h4>
            <div>
              <div
                class="c6"
                style="height: 300px;"
              >
                <table
                  class="c7"
                >
                  <thead
                    class=""
                  >
                    <tr
                      class=""
                    >
                      <th
                        class="c8"
                      >
                        GeneSymbol
                      </th>
                      <th
                        class="c8"
                      >
                        UniprotID
                      </th>
                      <th
                        class="c8"
                      >
                        pQTLs
                      </th>
                      <th
                        class="c8"
                      >
                        eQTLs
                      </th>
                      <th
                        class="c8"
                      >
                        pQTLs/eQTLs
                      </th>
                    </tr>
                  </thead>
                  <tbody
                    class="c9"
                  >
                    <tr
                      class="c10"
                    >
                      <td
                        class="c11"
                      >
                        <a
                          class="c4"
                          href="/gene/CCBL2/dataset/overlap"
                        >
                          CCBL2
                        </a>
                      </td>
                      <td
                        class="c11"
                      >
                        Q6YP21
                      </td>
                      <td
                        class="c11"
                      >
                        108
                      </td>
                      <td
                        class="c11"
                      >
                        72
                      </td>
                      <td
                        class="c11"
                      >
                        72
                      </td>
                    </tr>
                    <tr
                      class="c10"
                    >
                      <td
                        class="c11"
                      >
                        <a
                          class="c4"
                          href="/gene/GSTM5/dataset/overlap"
                        >
                          GSTM5
                        </a>
                      </td>
                      <td
                        class="c11"
                      >
                        P46439
                      </td>
                      <td
                        class="c11"
                      >
                        23
                      </td>
                      <td
                        class="c11"
                      >
                        52
                      </td>
                      <td
                        class="c11"
                      >
                        22
                      </td>
                    </tr>
                    <tr
                      class="c10"
                    >
                      <td
                        class="c11"
                      >
                        <a
                          class="c4"
                          href="/gene/FAS	/dataset/overlap"
                        >
                          FAS	
                        </a>
                      </td>
                      <td
                        class="c11"
                      >
                        P25445
                      </td>
                      <td
                        class="c11"
                      >
                        36
                      </td>
                      <td
                        class="c11"
                      >
                        25
                      </td>
                      <td
                        class="c11"
                      >
                        25
                      </td>
                    </tr>
                    <tr
                      class="c10"
                    >
                      <td
                        class="c11"
                      >
                        <a
                          class="c4"
                          href="/gene/SNX32/dataset/overlap"
                        >
                          SNX32
                        </a>
                      </td>
                      <td
                        class="c11"
                      >
                        Q86XE0
                      </td>
                      <td
                        class="c11"
                      >
                        27
                      </td>
                      <td
                        class="c11"
                      >
                        4
                      </td>
                      <td
                        class="c11"
                      >
                        4
                      </td>
                    </tr>
                    <tr
                      class="c10"
                    >
                      <td
                        class="c11"
                      >
                        <a
                          class="c4"
                          href="/gene/THEM4/dataset/overlap"
                        >
                          THEM4
                        </a>
                      </td>
                      <td
                        class="c11"
                      >
                        Q5T1C6
                      </td>
                      <td
                        class="c11"
                      >
                        80
                      </td>
                      <td
                        class="c11"
                      >
                        140
                      </td>
                      <td
                        class="c11"
                      >
                        80
                      </td>
                    </tr>
                    <tr
                      class="c10"
                    >
                      <td
                        class="c11"
                      >
                        <a
                          class="c4"
                          href="/gene/GSTM3/dataset/overlap"
                        >
                          GSTM3
                        </a>
                      </td>
                      <td
                        class="c11"
                      >
                        P21266
                      </td>
                      <td
                        class="c11"
                      >
                        10
                      </td>
                      <td
                        class="c11"
                      >
                        32
                      </td>
                      <td
                        class="c11"
                      >
                        10
                      </td>
                    </tr>
                    <tr
                      class="c10"
                    >
                      <td
                        class="c11"
                      >
                        <a
                          class="c4"
                          href="/gene/GALM/dataset/overlap"
                        >
                          GALM
                        </a>
                      </td>
                      <td
                        class="c11"
                      >
                        Q96C23
                      </td>
                      <td
                        class="c11"
                      >
                        63
                      </td>
                      <td
                        class="c11"
                      >
                        27
                      </td>
                      <td
                        class="c11"
                      >
                        27
                      </td>
                    </tr>
                    <tr
                      class="c10"
                    >
                      <td
                        class="c11"
                      >
                        <a
                          class="c4"
                          href="/gene/PPIL3/dataset/overlap"
                        >
                          PPIL3
                        </a>
                      </td>
                      <td
                        class="c11"
                      >
                        Q9H2H8
                      </td>
                      <td
                        class="c11"
                      >
                        48
                      </td>
                      <td
                        class="c11"
                      >
                        56
                      </td>
                      <td
                        class="c11"
                      >
                        48
                      </td>
                    </tr>
                    <tr
                      class="c10"
                    >
                      <td
                        class="c11"
                      >
                        <a
                          class="c4"
                          href="/gene/GSTT2/dataset/overlap"
                        >
                          GSTT2
                        </a>
                      </td>
                      <td
                        class="c11"
                      >
                        P0CG30
                      </td>
                      <td
                        class="c11"
                      >
                        5
                      </td>
                      <td
                        class="c11"
                      >
                        149
                      </td>
                      <td
                        class="c11"
                      >
                        5
                      </td>
                    </tr>
                    <tr
                      class="c10"
                    >
                      <td
                        class="c11"
                      >
                        <a
                          class="c4"
                          href="/gene/TRPV2/dataset/overlap"
                        >
                          TRPV2
                        </a>
                      </td>
                      <td
                        class="c11"
                      >
                        Q9Y5S1
                      </td>
                      <td
                        class="c11"
                      >
                        2
                      </td>
                      <td
                        class="c11"
                      >
                        30
                      </td>
                      <td
                        class="c11"
                      >
                        2
                      </td>
                    </tr>
                    <tr
                      class="c10"
                    >
                      <td
                        class="c11"
                      >
                        <a
                          class="c4"
                          href="/gene/CAMLG/dataset/overlap"
                        >
                          CAMLG
                        </a>
                      </td>
                      <td
                        class="c11"
                      >
                        P49069
                      </td>
                      <td
                        class="c11"
                      >
                        19
                      </td>
                      <td
                        class="c11"
                      >
                        19
                      </td>
                      <td
                        class="c11"
                      >
                        19
                      </td>
                    </tr>
                    <tr
                      class="c10"
                    >
                      <td
                        class="c11"
                      >
                        <a
                          class="c4"
                          href="/gene/GPNMB/dataset/overlap"
                        >
                          GPNMB
                        </a>
                      </td>
                      <td
                        class="c11"
                      >
                        Q14956
                      </td>
                      <td
                        class="c11"
                      >
                        18
                      </td>
                      <td
                        class="c11"
                      >
                        18
                      </td>
                      <td
                        class="c11"
                      >
                        18
                      </td>
                    </tr>
                  </tbody>
                </table>
              </div>
            </div>
          </div>
        </div>
      </div>
      <div
        style="width: 100%; padding-bottom: 20px;"
      >
        <h3>
          Citations
        </h3>
        <p>
          <sup>
            1
          </sup>
          Chloe Robins
          <sup>
            #
          </sup>
          , Aliza P. Wingo
          <sup>
            #
          </sup>
          , Wen Fan, Duc M. Duong, Jacob Meigs, Ekaterina S. Gerasimov, Eric B. Dammer, David J. Cutler, Philip L. De Jager, David A. Bennett, James J. Lah, Allan I. Levey
          <sup>
            *
          </sup>
          , Nicholas T, Seyfried
          <sup>
            *
          </sup>
          , Thomas S. Wingo
          <sup>
            *
          </sup>
           “Genetic control of the human brain proteome”
        </p>
        <p>
          <sup>
            #
          </sup>
          co-first authors, 
          <sup>
            *
          </sup>
          co-senior authors
        </p>
      </div>
    </div>
  </div>
  <div
    class="loading style-2"
    style="display: none;"
  >
    <div
      class="loading-wheel"
    />
  </div>
</DocumentFragment>
`;
