// Jest Snapshot v1, https://goo.gl/fbAQLP

exports[`SearchBar Gets suggestions from input correctly 1`] = `
.c1 {
  padding: 0.375em 0.75em;
  background: 'none';
  cursor: pointer;
  font-size: 14px;
}

.c0 {
  position: relative;
  width: 100%;
}

.c0 .react-autosuggest__suggestions-list {
  position: absolute;
  width: 100%;
  background: white;
  list-style-type: none;
  padding: 0;
}

.c0 .react-autosuggest__suggestion--highlighted {
  background: #FFDFAA;
}

<div
  class="react-autosuggest__suggestions-container react-autosuggest__suggestions-container--open c0"
  data-testid="searchSuggestions"
  id="react-autowhatever-1"
  role="listbox"
>
  <ul
    class="react-autosuggest__suggestions-list"
    role="listbox"
  >
    <li
      aria-selected="true"
      class="react-autosuggest__suggestion react-autosuggest__suggestion--first react-autosuggest__suggestion--highlighted"
      data-suggestion-index="0"
      id="react-autowhatever-1--item-0"
      role="option"
    >
      <div
        class="c1"
      >
        A8MVU1 (NCF1C) 
      </div>
    </li>
  </ul>
</div>
`;

exports[`SearchBar Renders correctly 1`] = `
<DocumentFragment>
  .c0 {
  box-sizing: border-box;
  width: 100%;
  max-width: 100%;
  padding: 0.375em 1.5em 0.375em 0.75em;
  border-color: rgb(108,117,125);
  border-style: solid;
  border-width: 1px;
  border-radius: 0.25em;
  background-position: right center;
  background-repeat: no-repeat;
  cursor: pointer;
  font-size: 1em;
  outline: currentcolor none medium;
  background-image: none;
  text-align: center;
  height: 36px;
}

<div
    style="display: inline-block; width: 250px; padding-top: 20px;"
  >
    <div
      aria-expanded="false"
      aria-haspopup="listbox"
      aria-owns="react-autowhatever-1"
      class="react-autosuggest__container"
      role="combobox"
    >
      <input
        aria-autocomplete="list"
        aria-controls="react-autowhatever-1"
        autocomplete="off"
        class="react-autosuggest__input c0"
        data-testid="searchInput"
        placeholder="Search by gene"
        type="text"
        value=""
      />
    </div>
  </div>
</DocumentFragment>
`;
